// Jest Snapshot v1, https://goo.gl/fbAQLP

exports[`authAction Logs in a user 1`] = `Promise {}`;

exports[`authAction Logs in a user 2`] = `Promise {}`;

exports[`authAction should register a user 1`] = `Promise {}`;

exports[`authAction should return an error when user exits 1`] = `Promise {}`;
